
**** 04/02/26 08:24:57 *********** Evaluation PSpice (Nov 1999) **************

 * C:\Users\sharafat\Documents\clipper_simple.sch


 ****     CIRCUIT DESCRIPTION


******************************************************************************




* Schematics Version 9.1 - Web Update 1
* Thu Apr 02 08:24:52 2026



** Analysis setup **
.tran 0ns 0.1
.OP 


* From [PSPICE NETLIST] section of pspiceev.ini:
.lib "nom.lib"

.INC "clipper_simple.net"

**** INCLUDING clipper_simple.net ****
* Schematics Netlist *



D_D1         vin vout D1N4002 
R_R1         0 vout  1k  
V_V2         vin 0  
+SIN 0 10 50 0 0 0
R_R2         0 $N_0001  1k  
V_V3         $N_0002 0  
+SIN 0 10 50 0 0 0
V_V4         $N_0003 $N_0002 5
D_D2         $N_0003 $N_0001 D1N4002 
V_V7         $N_0004 0  
+SIN 0 10 50 0 0 0
D_D5         0 $N_0005 D1N4002 
R_R4         $N_0005 $N_0004  1k  
R_R5         $N_0007 $N_0006  1k  
V_V10         $N_0006 0  
+SIN 0 10 50 0 0 0
V_V11         0 $N_0008 5V
D_D6         $N_0008 $N_0007 D1N4002 
R_R7         $N_0010 $N_0009  1k  
V_V14         $N_0009 0  
+SIN 0 10 50 0 0 0
D_D8         $N_0011 $N_0010 D1N4002 
V_V15         $N_0011 0 5V
R_R8         $N_0013 $N_0012  1k  
V_V17         $N_0012 0  
+SIN 0 10 50 0 0 0
D_D10         $N_0014 $N_0013 D1N4002 
V_V18         0 $N_0014 5V
D_D11         $N_0015 0 D1N4002 
R_R11         $N_0017 $N_0016  1k  
V_V25         $N_0016 0  
+SIN 0 10 50 0 0 0
D_D14         $N_0018 $N_0017 D1N4002 
D_D15         $N_0019 0 D1N4002 
V_V19         $N_0013 $N_0015 5V
V_V29         $N_0018 0 5V
R_R13         $N_0021 $N_0020  1k  
D_D18         $N_0022 $N_0021 D1N4002 
V_V34         $N_0022 0 5V
V_V28         $N_0019 $N_0017 3V
C_C2         $N_0023 $N_0024  1n  
D_D20         $N_0024 0 D1N4002 
V_V36         $N_0023 0  
+PULSE 10v -10v 0 0 0 0.5 1
V_V35         $N_0025 0  
+PULSE 10v -10v 0 0 0 0.5 1
V_V37         $N_0026 0 5
C_C1         $N_0025 $N_0027  1u  
D_D17         $N_0027 $N_0026 D1N4002 
C_C3         $N_0028 $N_0029  1n  
V_V38         $N_0028 0  
+PULSE 10v -10v 0 0 0 0.5 1
D_D22         0 $N_0029 D1N4002 
V_V39         $N_0030 0  
+PULSE 10v -10v 0 0 0 0.5 1
V_V40         $N_0031 0 5
C_C4         $N_0030 $N_0032  1u  
V_V41         $N_0033 0  
+PULSE 10v -10v 0 0 0 0.5 1
C_C5         $N_0033 $N_0034  1u  
V_V44         0 $N_0035 5
D_D24         $N_0034 $N_0035 D1N4002 
D_D25         $N_0031 $N_0032 D1N4002 
V_V45         $N_0036 0  
+PULSE 10v -10v 0 0 0 0.5 1
C_C6         $N_0036 $N_0037  1u  
V_V46         0 $N_0038 5
D_D27         $N_0038 $N_0037 D1N4002 
V_V33         $N_0020 0  
+SIN 0 10 50 0 0 0
V_V51         0 $N_0039 2V
D_D29         $N_0039 $N_0021 D1N4002 

**** RESUMING clipper_simple.cir ****
.INC "clipper_simple.als"



**** INCLUDING clipper_simple.als ****
* Schematics Aliases *

.ALIASES
D_D1            D1(1=vin 2=vout )
R_R1            R1(1=0 2=vout )
V_V2            V2(+=vin -=0 )
R_R2            R2(1=0 2=$N_0001 )
V_V3            V3(+=$N_0002 -=0 )
V_V4            V4(+=$N_0003 -=$N_0002 )
D_D2            D2(1=$N_0003 2=$N_0001 )
V_V7            V7(+=$N_0004 -=0 )
D_D5            D5(1=0 2=$N_0005 )
R_R4            R4(1=$N_0005 2=$N_0004 )
R_R5            R5(1=$N_0007 2=$N_0006 )
V_V10           V10(+=$N_0006 -=0 )
V_V11           V11(+=0 -=$N_0008 )
D_D6            D6(1=$N_0008 2=$N_0007 )
R_R7            R7(1=$N_0010 2=$N_0009 )
V_V14           V14(+=$N_0009 -=0 )
D_D8            D8(1=$N_0011 2=$N_0010 )
V_V15           V15(+=$N_0011 -=0 )
R_R8            R8(1=$N_0013 2=$N_0012 )
V_V17           V17(+=$N_0012 -=0 )
D_D10           D10(1=$N_0014 2=$N_0013 )
V_V18           V18(+=0 -=$N_0014 )
D_D11           D11(1=$N_0015 2=0 )
R_R11           R11(1=$N_0017 2=$N_0016 )
V_V25           V25(+=$N_0016 -=0 )
D_D14           D14(1=$N_0018 2=$N_0017 )
D_D15           D15(1=$N_0019 2=0 )
V_V19           V19(+=$N_0013 -=$N_0015 )
V_V29           V29(+=$N_0018 -=0 )
R_R13           R13(1=$N_0021 2=$N_0020 )
D_D18           D18(1=$N_0022 2=$N_0021 )
V_V34           V34(+=$N_0022 -=0 )
V_V28           V28(+=$N_0019 -=$N_0017 )
C_C2            C2(1=$N_0023 2=$N_0024 )
D_D20           D20(1=$N_0024 2=0 )
V_V36           V36(+=$N_0023 -=0 )
V_V35           V35(+=$N_0025 -=0 )
V_V37           V37(+=$N_0026 -=0 )
C_C1            C1(1=$N_0025 2=$N_0027 )
D_D17           D17(1=$N_0027 2=$N_0026 )
C_C3            C3(1=$N_0028 2=$N_0029 )
V_V38           V38(+=$N_0028 -=0 )
D_D22           D22(1=0 2=$N_0029 )
V_V39           V39(+=$N_0030 -=0 )
V_V40           V40(+=$N_0031 -=0 )
C_C4            C4(1=$N_0030 2=$N_0032 )
V_V41           V41(+=$N_0033 -=0 )
C_C5            C5(1=$N_0033 2=$N_0034 )
V_V44           V44(+=0 -=$N_0035 )
D_D24           D24(1=$N_0034 2=$N_0035 )
D_D25           D25(1=$N_0031 2=$N_0032 )
V_V45           V45(+=$N_0036 -=0 )
C_C6            C6(1=$N_0036 2=$N_0037 )
V_V46           V46(+=0 -=$N_0038 )
D_D27           D27(1=$N_0038 2=$N_0037 )
V_V33           V33(+=$N_0020 -=0 )
V_V51           V51(+=0 -=$N_0039 )
D_D29           D29(1=$N_0039 2=$N_0021 )
_    _(vin=vin)
_    _(vout=vout)
.ENDALIASES


**** RESUMING clipper_simple.cir ****
.probe


.END

**** 04/02/26 08:24:57 *********** Evaluation PSpice (Nov 1999) **************

 * C:\Users\sharafat\Documents\clipper_simple.sch


 ****     Diode MODEL PARAMETERS


******************************************************************************




               D1N4002         
          IS   14.110000E-09 
           N    1.984        
         ISR  100.000000E-12 
         IKF   94.81         
          BV  100.1          
         IBV   10            
          RS     .03389      
          TT    4.761000E-06 
         CJO   51.170000E-12 
          VJ     .3905       
           M     .2762       


**** 04/02/26 08:24:57 *********** Evaluation PSpice (Nov 1999) **************

 * C:\Users\sharafat\Documents\clipper_simple.sch


 ****     SMALL SIGNAL BIAS SOLUTION       TEMPERATURE =   27.000 DEG C


******************************************************************************



 NODE   VOLTAGE     NODE   VOLTAGE     NODE   VOLTAGE     NODE   VOLTAGE


(  vin)    0.0000  ( vout)-30.71E-21  ($N_0001)    4.3516                       

($N_0002)    0.0000                   ($N_0003)    5.0000                       

($N_0004)    0.0000                   ($N_0005)-30.71E-21                       

($N_0006)    0.0000                   ($N_0007)-14.32E-06                       

($N_0008)   -5.0000                   ($N_0009)    0.0000                       

($N_0010)    4.3516                   ($N_0011)    5.0000                       

($N_0012)    0.0000                   ($N_0013) 3.038E-12                       

($N_0014)   -5.0000                   ($N_0015)   -5.0000                       

($N_0016)    0.0000                   ($N_0017)    1.0000                       

($N_0018)    5.0000                   ($N_0019)    4.0000                       

($N_0020)    0.0000                   ($N_0021)    4.3516                       

($N_0022)    5.0000                   ($N_0023)   10.0000                       

($N_0024) 86.73E-15                   ($N_0025)   10.0000                       

($N_0026)    5.0000                   ($N_0027)    5.0000                       

($N_0028)   10.0000                   ($N_0029)-86.72E-15                       

($N_0030)   10.0000                   ($N_0031)    5.0000                       

($N_0032)    5.0000                   ($N_0033)   10.0000                       

($N_0034)   -5.0000                   ($N_0035)   -5.0000                       

($N_0036)   10.0000                   ($N_0037)   -5.0000                       

($N_0038)   -5.0000                   ($N_0039)   -2.0000                   




    VOLTAGE SOURCE CURRENTS
    NAME         CURRENT

    V_V2         3.071E-23
    V_V3        -4.352E-03
    V_V4        -4.352E-03
    V_V7        -3.071E-23
    V_V10       -1.432E-08
    V_V11       -1.432E-08
    V_V14        4.352E-03
    V_V15       -4.352E-03
    V_V17        3.038E-15
    V_V18       -1.432E-08
    V_V25        1.000E-03
    V_V19       -1.432E-08
    V_V29       -8.334E+01
    V_V34       -4.352E-03
    V_V28       -8.334E+01
    V_V36        0.000E+00
    V_V35        0.000E+00
    V_V37        4.358E-15
    V_V38        0.000E+00
    V_V39        0.000E+00
    V_V40       -2.842E-14
    V_V41        0.000E+00
    V_V44        7.516E-15
    V_V45        0.000E+00
    V_V46        0.000E+00
    V_V33        4.352E-03
    V_V51       -1.433E-08

    TOTAL POWER DISSIPATION   6.67E+02  WATTS


**** 04/02/26 08:24:57 *********** Evaluation PSpice (Nov 1999) **************

 * C:\Users\sharafat\Documents\clipper_simple.sch


 ****     OPERATING POINT INFORMATION      TEMPERATURE =   27.000 DEG C


******************************************************************************






**** DIODES


NAME         D_D1        D_D2        D_D5        D_D6        D_D8      
MODEL        D1N4002     D1N4002     D1N4002     D1N4002     D1N4002   
ID           0.00E+00    4.35E-03    0.00E+00   -1.43E-08    4.35E-03 
VD           3.07E-20    6.48E-01    3.07E-20   -5.00E+00    6.48E-01 
REQ          3.61E+06    1.18E+01    3.61E+06    2.42E+11    1.18E+01 
CAP          5.25E-11    4.04E-07    5.25E-11    2.48E-11    4.04E-07 

NAME         D_D10       D_D11       D_D14       D_D15       D_D18     
MODEL        D1N4002     D1N4002     D1N4002     D1N4002     D1N4002   
ID          -1.43E-08   -1.43E-08    8.33E+01    8.33E+01    4.35E-03 
VD          -5.00E+00   -5.00E+00    4.00E+00    4.00E+00    6.48E-01 
REQ          2.42E+11    2.42E+11    8.57E-04    8.57E-04    1.18E+01 
CAP          2.48E-11    2.48E-11    5.55E-03    5.55E-03    4.04E-07 

NAME         D_D20       D_D17       D_D22       D_D24       D_D25     
MODEL        D1N4002     D1N4002     D1N4002     D1N4002     D1N4002   
ID           2.40E-20    4.36E-15    2.40E-20   -7.52E-15    2.36E-20 
VD           8.67E-14    1.57E-08    8.67E-14   -2.71E-08    8.62E-14 
REQ          3.61E+06    3.61E+06    3.61E+06    3.61E+06    3.61E+06 
CAP          5.25E-11    5.25E-11    5.25E-11    5.25E-11    5.25E-11 

NAME         D_D27       D_D29     
MODEL        D1N4002     D1N4002   
ID           2.39E-20   -1.43E-08 
VD           8.62E-14   -6.35E+00 
REQ          3.61E+06    2.85E+11 
CAP          5.25E-11    2.33E-11 
**** 04/02/26 08:24:57 *********** Evaluation PSpice (Nov 1999) **************

 * C:\Users\sharafat\Documents\clipper_simple.sch


 ****     INITIAL TRANSIENT SOLUTION       TEMPERATURE =   27.000 DEG C


******************************************************************************



 NODE   VOLTAGE     NODE   VOLTAGE     NODE   VOLTAGE     NODE   VOLTAGE


(  vin)    0.0000  ( vout)-30.71E-21  ($N_0001)    4.3516                       

($N_0002)    0.0000                   ($N_0003)    5.0000                       

($N_0004)    0.0000                   ($N_0005)-30.71E-21                       

($N_0006)    0.0000                   ($N_0007)-14.32E-06                       

($N_0008)   -5.0000                   ($N_0009)    0.0000                       

($N_0010)    4.3516                   ($N_0011)    5.0000                       

($N_0012)    0.0000                   ($N_0013) 3.038E-12                       

($N_0014)   -5.0000                   ($N_0015)   -5.0000                       

($N_0016)    0.0000                   ($N_0017)    1.0000                       

($N_0018)    5.0000                   ($N_0019)    4.0000                       

($N_0020)    0.0000                   ($N_0021)    4.3516                       

($N_0022)    5.0000                   ($N_0023)   10.0000                       

($N_0024) 86.73E-15                   ($N_0025)   10.0000                       

($N_0026)    5.0000                   ($N_0027)    5.0000                       

($N_0028)   10.0000                   ($N_0029)-86.72E-15                       

($N_0030)   10.0000                   ($N_0031)    5.0000                       

($N_0032)    5.0000                   ($N_0033)   10.0000                       

($N_0034)   -5.0000                   ($N_0035)   -5.0000                       

($N_0036)   10.0000                   ($N_0037)   -5.0000                       

($N_0038)   -5.0000                   ($N_0039)   -2.0000                   




    VOLTAGE SOURCE CURRENTS
    NAME         CURRENT

    V_V2         3.071E-23
    V_V3        -4.352E-03
    V_V4        -4.352E-03
    V_V7        -3.071E-23
    V_V10       -1.432E-08
    V_V11       -1.432E-08
    V_V14        4.352E-03
    V_V15       -4.352E-03
    V_V17        3.038E-15
    V_V18       -1.432E-08
    V_V25        1.000E-03
    V_V19       -1.432E-08
    V_V29       -8.334E+01
    V_V34       -4.352E-03
    V_V28       -8.334E+01
    V_V36        0.000E+00
    V_V35        0.000E+00
    V_V37        4.358E-15
    V_V38        0.000E+00
    V_V39        0.000E+00
    V_V40       -2.842E-14
    V_V41        0.000E+00
    V_V44        7.516E-15
    V_V45        0.000E+00
    V_V46        0.000E+00
    V_V33        4.352E-03
    V_V51       -1.433E-08

    TOTAL POWER DISSIPATION   6.67E+02  WATTS



          JOB CONCLUDED

          TOTAL JOB TIME             .11
