
**** 04/02/26 08:18:06 *********** Evaluation PSpice (Nov 1999) **************

 * C:\Users\sharafat\Documents\clumpers.sch


 ****     CIRCUIT DESCRIPTION


******************************************************************************




* Schematics Version 9.1 - Web Update 1
* Wed Apr 01 16:25:00 2026



** Analysis setup **
.tran 0ns 10
.OP 


* From [PSPICE NETLIST] section of pspiceev.ini:
.lib "nom.lib"

.INC "clumpers.net"

**** INCLUDING clumpers.net ****
* Schematics Netlist *



C_C1         $N_0001 $N_0002  1n  
D_D1         $N_0002 0 D1N4002 
V_V1         $N_0001 0  
+PULSE 10v -10v 0 0 0 0.5 1
V_V2         $N_0003 0  
+PULSE 10v -10v 0 0 0 0.5 1
V_V3         $N_0004 0 5
C_C2         $N_0003 $N_0005  1u  
D_D2         $N_0005 $N_0004 D1N4002 
C_C3         $N_0006 $N_0007  1n  
V_V4         $N_0006 0  
+PULSE 10v -10v 0 0 0 0.5 1
D_D3         0 $N_0007 D1N4002 
V_V5         $N_0008 0  
+PULSE 10v -10v 0 0 0 0.5 1
V_V6         $N_0009 0 5
C_C4         $N_0008 $N_0010  1u  
V_V7         $N_0011 0  
+PULSE 10v -10v 0 0 0 0.5 1
C_C5         $N_0011 $N_0012  1u  
V_V8         0 $N_0013 5
D_D4         $N_0012 $N_0013 D1N4002 
D_D5         $N_0009 $N_0010 D1N4002 
V_V9         $N_0014 0  
+PULSE 10v -10v 0 0 0 0.5 1
C_C6         $N_0014 $N_0015  1u  
V_V10         0 $N_0016 5
D_D6         $N_0016 $N_0015 D1N4002 

**** RESUMING clumpers.cir ****
.INC "clumpers.als"



**** INCLUDING clumpers.als ****
* Schematics Aliases *

.ALIASES
C_C1            C1(1=$N_0001 2=$N_0002 )
D_D1            D1(1=$N_0002 2=0 )
V_V1            V1(+=$N_0001 -=0 )
V_V2            V2(+=$N_0003 -=0 )
V_V3            V3(+=$N_0004 -=0 )
C_C2            C2(1=$N_0003 2=$N_0005 )
D_D2            D2(1=$N_0005 2=$N_0004 )
C_C3            C3(1=$N_0006 2=$N_0007 )
V_V4            V4(+=$N_0006 -=0 )
D_D3            D3(1=0 2=$N_0007 )
V_V5            V5(+=$N_0008 -=0 )
V_V6            V6(+=$N_0009 -=0 )
C_C4            C4(1=$N_0008 2=$N_0010 )
V_V7            V7(+=$N_0011 -=0 )
C_C5            C5(1=$N_0011 2=$N_0012 )
V_V8            V8(+=0 -=$N_0013 )
D_D4            D4(1=$N_0012 2=$N_0013 )
D_D5            D5(1=$N_0009 2=$N_0010 )
V_V9            V9(+=$N_0014 -=0 )
C_C6            C6(1=$N_0014 2=$N_0015 )
V_V10           V10(+=0 -=$N_0016 )
D_D6            D6(1=$N_0016 2=$N_0015 )
.ENDALIASES


**** RESUMING clumpers.cir ****
.probe


.END

**** 04/02/26 08:18:06 *********** Evaluation PSpice (Nov 1999) **************

 * C:\Users\sharafat\Documents\clumpers.sch


 ****     Diode MODEL PARAMETERS


******************************************************************************




               D1N4002         
          IS   14.110000E-09 
           N    1.984        
         ISR  100.000000E-12 
         IKF   94.81         
          BV  100.1          
         IBV   10            
          RS     .03389      
          TT    4.761000E-06 
         CJO   51.170000E-12 
          VJ     .3905       
           M     .2762       


**** 04/02/26 08:18:06 *********** Evaluation PSpice (Nov 1999) **************

 * C:\Users\sharafat\Documents\clumpers.sch


 ****     SMALL SIGNAL BIAS SOLUTION       TEMPERATURE =   27.000 DEG C


******************************************************************************



 NODE   VOLTAGE     NODE   VOLTAGE     NODE   VOLTAGE     NODE   VOLTAGE


($N_0001)   10.0000                   ($N_0002) 86.73E-15                       

($N_0003)   10.0000                   ($N_0004)    5.0000                       

($N_0005)    5.0000                   ($N_0006)   10.0000                       

($N_0007)-86.72E-15                   ($N_0008)   10.0000                       

($N_0009)    5.0000                   ($N_0010)    5.0000                       

($N_0011)   10.0000                   ($N_0012)   -5.0000                       

($N_0013)   -5.0000                   ($N_0014)   10.0000                       

($N_0015)   -5.0000                   ($N_0016)   -5.0000                   




    VOLTAGE SOURCE CURRENTS
    NAME         CURRENT

    V_V1         0.000E+00
    V_V2         0.000E+00
    V_V3         4.358E-15
    V_V4         0.000E+00
    V_V5         0.000E+00
    V_V6        -2.842E-14
    V_V7         0.000E+00
    V_V8         3.998E-15
    V_V9         0.000E+00
    V_V10        0.000E+00

    TOTAL POWER DISSIPATION   1.00E-13  WATTS


**** 04/02/26 08:18:06 *********** Evaluation PSpice (Nov 1999) **************

 * C:\Users\sharafat\Documents\clumpers.sch


 ****     OPERATING POINT INFORMATION      TEMPERATURE =   27.000 DEG C


******************************************************************************






**** DIODES


NAME         D_D1        D_D2        D_D3        D_D4        D_D5      
MODEL        D1N4002     D1N4002     D1N4002     D1N4002     D1N4002   
ID           2.40E-20    4.36E-15    2.40E-20   -4.00E-15    2.36E-20 
VD           8.67E-14    1.57E-08    8.67E-14   -1.44E-08    8.62E-14 
REQ          3.61E+06    3.61E+06    3.61E+06    3.61E+06    3.61E+06 
CAP          5.25E-11    5.25E-11    5.25E-11    5.25E-11    5.25E-11 

NAME         D_D6      
MODEL        D1N4002   
ID           2.39E-20 
VD           8.62E-14 
REQ          3.61E+06 
CAP          5.25E-11 
**** 04/02/26 08:18:06 *********** Evaluation PSpice (Nov 1999) **************

 * C:\Users\sharafat\Documents\clumpers.sch


 ****     INITIAL TRANSIENT SOLUTION       TEMPERATURE =   27.000 DEG C


******************************************************************************



 NODE   VOLTAGE     NODE   VOLTAGE     NODE   VOLTAGE     NODE   VOLTAGE


($N_0001)   10.0000                   ($N_0002) 86.73E-15                       

($N_0003)   10.0000                   ($N_0004)    5.0000                       

($N_0005)    5.0000                   ($N_0006)   10.0000                       

($N_0007)-86.72E-15                   ($N_0008)   10.0000                       

($N_0009)    5.0000                   ($N_0010)    5.0000                       

($N_0011)   10.0000                   ($N_0012)   -5.0000                       

($N_0013)   -5.0000                   ($N_0014)   10.0000                       

($N_0015)   -5.0000                   ($N_0016)   -5.0000                   




    VOLTAGE SOURCE CURRENTS
    NAME         CURRENT

    V_V1         0.000E+00
    V_V2         0.000E+00
    V_V3         4.358E-15
    V_V4         0.000E+00
    V_V5         0.000E+00
    V_V6        -2.842E-14
    V_V7         0.000E+00
    V_V8         3.998E-15
    V_V9         0.000E+00
    V_V10        0.000E+00

    TOTAL POWER DISSIPATION   1.00E-13  WATTS



          JOB CONCLUDED

          TOTAL JOB TIME             .23
