
**** 04/02/26 08:26:23 *********** Evaluation PSpice (Nov 1999) **************

 * C:\Users\sharafat\Documents\opamp.sch


 ****     CIRCUIT DESCRIPTION


******************************************************************************




* Schematics Version 9.1 - Web Update 1
* Thu Apr 02 03:45:37 2026



** Analysis setup **
.tran 0ns 0.2s
.OP 


* From [PSPICE NETLIST] section of pspiceev.ini:
.lib "nom.lib"

.INC "opamp.net"

**** INCLUDING opamp.net ****
* Schematics Netlist *



R_R1         $N_0002 $N_0001  1k  
R_R2         $N_0003 $N_0001  1k  
R_R3         $N_0005 $N_0004  1k  
E_U1         $N_0004 0 VALUE {LIMIT(V($N_0001,$N_0005)*1E6,-15V,+15V)}
R_R4         0 $N_0005  1k  
V_V1         0 $N_0002  
+SIN 0 10 50 0 0 0
V_V2         0 $N_0003  
+SIN 0 5 50 0 0 0
R_R7         $N_0007 $N_0006  1k  
R_R6         $N_0008 $N_0007  1k  
R_R5         $N_0009 $N_0007  1k  
E_U2         $N_0006 0 VALUE {LIMIT(V(0,$N_0007)*1E6,-15V,+15V)}
R_R11         $N_0011 $N_0010  1k  
R_R10         $N_0012 $N_0011  1k  
E_U3         $N_0010 0 VALUE {LIMIT(V($N_0013,$N_0011)*1E6,-15V,+15V)}
R_R9         $N_0014 $N_0013  1k  
R_R13         $N_0013 0  1k  
V_V3         0 $N_0009  
+SIN 0 10 50 0 0 0
V_V4         0 $N_0008  
+SIN 0 5 50 0 0 0
V_V5         0 $N_0014  
+SIN 0 7 50 0 0 0
V_V6         0 $N_0012  
+SIN 0 3 50 0 0 0
E_U5         $N_0016 0 VALUE {LIMIT(V(0,$N_0015)*1E6,-15V,+15V)}
R_R20         $N_0017 $N_0015  1k  
R_R18         $N_0015 $N_0016  2k  
V_V9         0 $N_0017  
+SIN 0 1 50 0 0 0
R_R21         $N_0019 $N_0018  3k  
E_U4         $N_0018 0 VALUE {LIMIT(V($N_0020,$N_0019)*1E6,-25V,+25V)}
R_R22         0 $N_0019  1k  
E_U6         $N_0022 0 VALUE {LIMIT(V(0,$N_0021)*1E6,-15V,+15V)}
R_R23         $N_0023 $N_0021  1k  
E_U7         $N_0025 0 VALUE {LIMIT(V(0,$N_0024)*1E6,-15V,+15V)}
R_R25         $N_0026 $N_0024  1k  
R_R27         $N_0022 $N_0024  1k  
V_V11         0 $N_0023  
+SIN 0 2 50 0 0 0
V_V7         0 $N_0020  
+SIN 0 1 50 0 0 0
R_R24         $N_0021 $N_0022  1k  
R_R26         $N_0024 $N_0025  1k  
E_U8         $N_0028 0 VALUE {LIMIT(V(0,$N_0027)*1E6,-15V,+15V)}
R_R28         $N_0029 $N_0027  1k  
R_R29         $N_0027 $N_0028  1k  
V_V12         0 $N_0026  
+SIN 0 3 50 0 0 0
R_R31         0 $N_0030  1k  
R_R33         $N_0028 $N_0031  1k  
E_U9         $N_0032 0 VALUE {LIMIT(V($N_0031,$N_0030)*1E6,-25V,+25V)}
R_R32         $N_0033 $N_0031  1k  
R_R30         $N_0030 $N_0032  1k  
V_V13         0 $N_0029  
+SIN 0 3 50 0 0 0
V_V14         0 $N_0033  
+SIN 0 5 50 0 0 0
E_U10         $N_0035 0 VALUE {LIMIT(V(0,$N_0034)*1E6,-15V,+15V)}
R_R35         $N_0034 $N_0035  20k  
E_U11         $N_0037 0 VALUE {LIMIT(V(0,$N_0036)*1E6,-15V,+15V)}
V_V16         0 $N_0038  
+SIN 0 1 50 0 0 0
C_C1         $N_0038 $N_0034  1n  
R_R37         $N_0039 $N_0036  1k  
C_C3         $N_0036 $N_0037  0.00001  
V_V20         0 $N_0039  
+SIN 0 4 50 0 0 0

**** RESUMING opamp.cir ****
.INC "opamp.als"



**** INCLUDING opamp.als ****
* Schematics Aliases *

.ALIASES
R_R1            R1(1=$N_0002 2=$N_0001 )
R_R2            R2(1=$N_0003 2=$N_0001 )
R_R3            R3(1=$N_0005 2=$N_0004 )
E_U1            U1(OUT=$N_0004 +=$N_0001 -=$N_0005 )
R_R4            R4(1=0 2=$N_0005 )
V_V1            V1(+=0 -=$N_0002 )
V_V2            V2(+=0 -=$N_0003 )
R_R7            R7(1=$N_0007 2=$N_0006 )
R_R6            R6(1=$N_0008 2=$N_0007 )
R_R5            R5(1=$N_0009 2=$N_0007 )
E_U2            U2(OUT=$N_0006 +=0 -=$N_0007 )
R_R11           R11(1=$N_0011 2=$N_0010 )
R_R10           R10(1=$N_0012 2=$N_0011 )
E_U3            U3(OUT=$N_0010 +=$N_0013 -=$N_0011 )
R_R9            R9(1=$N_0014 2=$N_0013 )
R_R13           R13(1=$N_0013 2=0 )
V_V3            V3(+=0 -=$N_0009 )
V_V4            V4(+=0 -=$N_0008 )
V_V5            V5(+=0 -=$N_0014 )
V_V6            V6(+=0 -=$N_0012 )
E_U5            U5(OUT=$N_0016 +=0 -=$N_0015 )
R_R20           R20(1=$N_0017 2=$N_0015 )
R_R18           R18(1=$N_0015 2=$N_0016 )
V_V9            V9(+=0 -=$N_0017 )
R_R21           R21(1=$N_0019 2=$N_0018 )
E_U4            U4(OUT=$N_0018 +=$N_0020 -=$N_0019 )
R_R22           R22(1=0 2=$N_0019 )
E_U6            U6(OUT=$N_0022 +=0 -=$N_0021 )
R_R23           R23(1=$N_0023 2=$N_0021 )
E_U7            U7(OUT=$N_0025 +=0 -=$N_0024 )
R_R25           R25(1=$N_0026 2=$N_0024 )
R_R27           R27(1=$N_0022 2=$N_0024 )
V_V11           V11(+=0 -=$N_0023 )
V_V7            V7(+=0 -=$N_0020 )
R_R24           R24(1=$N_0021 2=$N_0022 )
R_R26           R26(1=$N_0024 2=$N_0025 )
E_U8            U8(OUT=$N_0028 +=0 -=$N_0027 )
R_R28           R28(1=$N_0029 2=$N_0027 )
R_R29           R29(1=$N_0027 2=$N_0028 )
V_V12           V12(+=0 -=$N_0026 )
R_R31           R31(1=0 2=$N_0030 )
R_R33           R33(1=$N_0028 2=$N_0031 )
E_U9            U9(OUT=$N_0032 +=$N_0031 -=$N_0030 )
R_R32           R32(1=$N_0033 2=$N_0031 )
R_R30           R30(1=$N_0030 2=$N_0032 )
V_V13           V13(+=0 -=$N_0029 )
V_V14           V14(+=0 -=$N_0033 )
E_U10           U10(OUT=$N_0035 +=0 -=$N_0034 )
R_R35           R35(1=$N_0034 2=$N_0035 )
E_U11           U11(OUT=$N_0037 +=0 -=$N_0036 )
V_V16           V16(+=0 -=$N_0038 )
C_C1            C1(1=$N_0038 2=$N_0034 )
R_R37           R37(1=$N_0039 2=$N_0036 )
C_C3            C3(1=$N_0036 2=$N_0037 )
V_V20           V20(+=0 -=$N_0039 )
.ENDALIASES


**** RESUMING opamp.cir ****
.probe


.END

**** 04/02/26 08:26:23 *********** Evaluation PSpice (Nov 1999) **************

 * C:\Users\sharafat\Documents\opamp.sch


 ****     SMALL SIGNAL BIAS SOLUTION       TEMPERATURE =   27.000 DEG C


******************************************************************************



 NODE   VOLTAGE     NODE   VOLTAGE     NODE   VOLTAGE     NODE   VOLTAGE


($N_0001)    0.0000                   ($N_0002)    0.0000                       

($N_0003)    0.0000                   ($N_0004)    0.0000                       

($N_0005)    0.0000                   ($N_0006)    0.0000                       

($N_0007)    0.0000                   ($N_0008)    0.0000                       

($N_0009)    0.0000                   ($N_0010)    0.0000                       

($N_0011)    0.0000                   ($N_0012)    0.0000                       

($N_0013)    0.0000                   ($N_0014)    0.0000                       

($N_0015)    0.0000                   ($N_0016)    0.0000                       

($N_0017)    0.0000                   ($N_0018)    0.0000                       

($N_0019)    0.0000                   ($N_0020)    0.0000                       

($N_0021)    0.0000                   ($N_0022)    0.0000                       

($N_0023)    0.0000                   ($N_0024)    0.0000                       

($N_0025)    0.0000                   ($N_0026)    0.0000                       

($N_0027)    0.0000                   ($N_0028)    0.0000                       

($N_0029)    0.0000                   ($N_0030)    0.0000                       

($N_0031)    0.0000                   ($N_0032)    0.0000                       

($N_0033)    0.0000                   ($N_0034)    0.0000                       

($N_0035)    0.0000                   ($N_0036)    0.0000                       

($N_0037)    0.0000                   ($N_0038)    0.0000                       

($N_0039)    0.0000                   




    VOLTAGE SOURCE CURRENTS
    NAME         CURRENT

    V_V1         0.000E+00
    V_V2         0.000E+00
    V_V3         0.000E+00
    V_V4         0.000E+00
    V_V5         0.000E+00
    V_V6         0.000E+00
    V_V9         0.000E+00
    V_V11        0.000E+00
    V_V7         0.000E+00
    V_V12        0.000E+00
    V_V13        0.000E+00
    V_V14        0.000E+00
    V_V16        0.000E+00
    V_V20        0.000E+00

    TOTAL POWER DISSIPATION   0.00E+00  WATTS


**** 04/02/26 08:26:23 *********** Evaluation PSpice (Nov 1999) **************

 * C:\Users\sharafat\Documents\opamp.sch


 ****     OPERATING POINT INFORMATION      TEMPERATURE =   27.000 DEG C


******************************************************************************






**** VOLTAGE-CONTROLLED VOLTAGE SOURCES


NAME         E_U1        E_U2        E_U3        E_U5        E_U4      
V-SOURCE     0.000E+00   0.000E+00   0.000E+00   0.000E+00   0.000E+00
I-SOURCE     0.000E+00   0.000E+00   0.000E+00   0.000E+00   0.000E+00

NAME         E_U6        E_U7        E_U8        E_U9        E_U10     
V-SOURCE     0.000E+00   0.000E+00   0.000E+00   0.000E+00   0.000E+00
I-SOURCE     0.000E+00   0.000E+00   0.000E+00   0.000E+00   0.000E+00

NAME         E_U11     
V-SOURCE     0.000E+00
I-SOURCE     0.000E+00
**** 04/02/26 08:26:23 *********** Evaluation PSpice (Nov 1999) **************

 * C:\Users\sharafat\Documents\opamp.sch


 ****     INITIAL TRANSIENT SOLUTION       TEMPERATURE =   27.000 DEG C


******************************************************************************



 NODE   VOLTAGE     NODE   VOLTAGE     NODE   VOLTAGE     NODE   VOLTAGE


($N_0001)    0.0000                   ($N_0002)    0.0000                       

($N_0003)    0.0000                   ($N_0004)    0.0000                       

($N_0005)    0.0000                   ($N_0006)    0.0000                       

($N_0007)    0.0000                   ($N_0008)    0.0000                       

($N_0009)    0.0000                   ($N_0010)    0.0000                       

($N_0011)    0.0000                   ($N_0012)    0.0000                       

($N_0013)    0.0000                   ($N_0014)    0.0000                       

($N_0015)    0.0000                   ($N_0016)    0.0000                       

($N_0017)    0.0000                   ($N_0018)    0.0000                       

($N_0019)    0.0000                   ($N_0020)    0.0000                       

($N_0021)    0.0000                   ($N_0022)    0.0000                       

($N_0023)    0.0000                   ($N_0024)    0.0000                       

($N_0025)    0.0000                   ($N_0026)    0.0000                       

($N_0027)    0.0000                   ($N_0028)    0.0000                       

($N_0029)    0.0000                   ($N_0030)    0.0000                       

($N_0031)    0.0000                   ($N_0032)    0.0000                       

($N_0033)    0.0000                   ($N_0034)    0.0000                       

($N_0035)    0.0000                   ($N_0036)    0.0000                       

($N_0037)    0.0000                   ($N_0038)    0.0000                       

($N_0039)    0.0000                   




    VOLTAGE SOURCE CURRENTS
    NAME         CURRENT

    V_V1         0.000E+00
    V_V2         0.000E+00
    V_V3         0.000E+00
    V_V4         0.000E+00
    V_V5         0.000E+00
    V_V6         0.000E+00
    V_V9         0.000E+00
    V_V11        0.000E+00
    V_V7         0.000E+00
    V_V12        0.000E+00
    V_V13        0.000E+00
    V_V14        0.000E+00
    V_V16        0.000E+00
    V_V20        0.000E+00

    TOTAL POWER DISSIPATION   0.00E+00  WATTS



          JOB CONCLUDED

          TOTAL JOB TIME             .09
